// Jest Snapshot v1, https://goo.gl/fbAQLP

exports[`MainPage renders the component 1`] = `
Object {
  "asFragment": [Function],
  "baseElement": <body>
    <div>
      <div
        class="mainPage"
      >
        <h1>
          Progress Bars
        </h1>
        <div
          class="mainPage__progressBars"
        >
          <progressbar
            progress="25"
          />
          <progressbar
            progress="50"
          />
          <progressbar
            progress="75"
          />
        </div>
        <div
          class="mainPage__progressBarControl"
        >
          <selectbox
            options="[object Object],[object Object],[object Object]"
            selectedvalue="1"
          />
          <buttonscontrol
            values="-25,-10,10,25"
          />
        </div>
      </div>
    </div>
  </body>,
  "container": <div>
    <div
      class="mainPage"
    >
      <h1>
        Progress Bars
      </h1>
      <div
        class="mainPage__progressBars"
      >
        <progressbar
          progress="25"
        />
        <progressbar
          progress="50"
        />
        <progressbar
          progress="75"
        />
      </div>
      <div
        class="mainPage__progressBarControl"
      >
        <selectbox
          options="[object Object],[object Object],[object Object]"
          selectedvalue="1"
        />
        <buttonscontrol
          values="-25,-10,10,25"
        />
      </div>
    </div>
  </div>,
  "debug": [Function],
  "findAllByAltText": [Function],
  "findAllByDisplayValue": [Function],
  "findAllByLabelText": [Function],
  "findAllByPlaceholderText": [Function],
  "findAllByRole": [Function],
  "findAllByTestId": [Function],
  "findAllByText": [Function],
  "findAllByTitle": [Function],
  "findByAltText": [Function],
  "findByDisplayValue": [Function],
  "findByLabelText": [Function],
  "findByPlaceholderText": [Function],
  "findByRole": [Function],
  "findByTestId": [Function],
  "findByText": [Function],
  "findByTitle": [Function],
  "getAllByAltText": [Function],
  "getAllByDisplayValue": [Function],
  "getAllByLabelText": [Function],
  "getAllByPlaceholderText": [Function],
  "getAllByRole": [Function],
  "getAllByTestId": [Function],
  "getAllByText": [Function],
  "getAllByTitle": [Function],
  "getByAltText": [Function],
  "getByDisplayValue": [Function],
  "getByLabelText": [Function],
  "getByPlaceholderText": [Function],
  "getByRole": [Function],
  "getByTestId": [Function],
  "getByText": [Function],
  "getByTitle": [Function],
  "queryAllByAltText": [Function],
  "queryAllByDisplayValue": [Function],
  "queryAllByLabelText": [Function],
  "queryAllByPlaceholderText": [Function],
  "queryAllByRole": [Function],
  "queryAllByTestId": [Function],
  "queryAllByText": [Function],
  "queryAllByTitle": [Function],
  "queryByAltText": [Function],
  "queryByDisplayValue": [Function],
  "queryByLabelText": [Function],
  "queryByPlaceholderText": [Function],
  "queryByRole": [Function],
  "queryByTestId": [Function],
  "queryByText": [Function],
  "queryByTitle": [Function],
  "rerender": [Function],
  "unmount": [Function],
}
`;
